// Vitest Snapshot v1

exports[`BalanceAppComponent > Snapshot de PuntosAcomuladosAppComponent 1`] = `
"<div class=\\"card\\">
  <div class=\\"card__header\\">
    <h3 class=\\"card__title\\">Puntos acomulados</h3>
  </div>
  <div class=\\"card__body\\"></div>
</div>"
`;

exports[`PuntosAcomuladosAppComponent > Snapshot de PuntosAcomuladosAppComponent 1`] = `
"<div class=\\"card\\">
  <div class=\\"card__header\\">
    <h3 class=\\"card__title\\">Puntos acomulados</h3>
  </div>
  <div class=\\"card__body\\"></div>
</div>"
`;
